
> backend@0.0.1 build
> nest build

[96msrc/app.module.ts[0m:[93m22[0m:[93m7[0m - [91merror[0m[90m TS2322: [0mType '(configService: ConfigService) => { type: "postgres"; host: string | undefined; port: number | undefined; username: string | undefined; password: string | undefined; database: string | undefined; entities: (typeof entities.Product | ... 6 more ... | typeof entities.User)[]; synchronize: true; logging: true; }' is not assignable to type '(...args: any[]) => TypeOrmModuleOptions | Promise<TypeOrmModuleOptions>'.
  Type '{ type: "postgres"; host: string | undefined; port: number | undefined; username: string | undefined; password: string | undefined; database: string | undefined; entities: (typeof entities.Product | ... 6 more ... | typeof entities.User)[]; synchronize: true; logging: true; }' is not assignable to type 'TypeOrmModuleOptions | Promise<TypeOrmModuleOptions>'.
    Type '{ type: "postgres"; host: string | undefined; port: number | undefined; username: string | undefined; password: string | undefined; database: string | undefined; entities: (typeof entities.Product | ... 6 more ... | typeof entities.User)[]; synchronize: true; logging: true; }' is not assignable to type '({ retryAttempts?: number | undefined; retryDelay?: number | undefined; toRetry?: ((err: any) => boolean) | undefined; autoLoadEntities?: boolean | undefined; verboseRetryLog?: boolean | undefined; manualInitialization?: boolean | undefined; } & Partial<...>) | Promise<...>'.
      Type '{ type: "postgres"; host: string | undefined; port: number | undefined; username: string | undefined; password: string | undefined; database: string | undefined; entities: (typeof entities.Product | ... 6 more ... | typeof entities.User)[]; synchronize: true; logging: true; }' is not assignable to type '{ retryAttempts?: number | undefined; retryDelay?: number | undefined; toRetry?: ((err: any) => boolean) | undefined; autoLoadEntities?: boolean | undefined; verboseRetryLog?: boolean | undefined; manualInitialization?: boolean | undefined; } & Partial<...>'.
        Type '{ type: "postgres"; host: string | undefined; port: number | undefined; username: string | undefined; password: string | undefined; database: string | undefined; entities: (typeof entities.Product | ... 6 more ... | typeof entities.User)[]; synchronize: true; logging: true; }' is not assignable to type 'Partial<PostgresConnectionOptions>'.
          Types of property 'entities' are incompatible.
            Type '(typeof Product | typeof OrderItem | typeof Order | typeof Client | typeof OrderStatus | typeof Finance | typeof FinanceType | typeof User)[]' is not assignable to type 'MixedList<string | Function | EntitySchema<any>> | undefined'.
              Type '(typeof Product | typeof OrderItem | typeof Order | typeof Client | typeof OrderStatus | typeof Finance | typeof FinanceType | typeof User)[]' is not assignable to type '(string | Function | EntitySchema<any>)[]'.
                Type 'typeof Product | typeof OrderItem | typeof Order | typeof Client | typeof OrderStatus | typeof Finance | typeof FinanceType | typeof User' is not assignable to type 'string | Function | EntitySchema<any>'.
                  Type 'typeof OrderStatus' is not assignable to type 'string | Function | EntitySchema<any>'.

[7m22[0m       useFactory: (configService: ConfigService) => ({
[7m  [0m [91m      ~~~~~~~~~~[0m

  [96mnode_modules/@nestjs/typeorm/dist/interfaces/typeorm-options.interface.d.ts[0m:[93m46[0m:[93m5[0m
    [7m46[0m     useFactory?: (...args: any[]) => Promise<TypeOrmModuleOptions> | TypeOrmModuleOptions;
    [7m  [0m [96m    ~~~~~~~~~~[0m
    The expected type comes from property 'useFactory' which is declared here on type 'TypeOrmModuleAsyncOptions'
[96msrc/modules/auth/strategies/google.strategy.ts[0m:[93m9[0m:[93m11[0m - [91merror[0m[90m TS2345: [0mArgument of type '[{ clientID: string | undefined; clientSecret: string | undefined; callbackURL: string | undefined; scope: string[]; }]' is not assignable to parameter of type '[options: StrategyOptionsWithRequest] | [options: StrategyOptions] | [options: StrategyOptions] | [options: StrategyOptionsWithRequest]'.
  Type '[{ clientID: string | undefined; clientSecret: string | undefined; callbackURL: string | undefined; scope: string[]; }]' is not assignable to type '[options: StrategyOptionsWithRequest]'.
    Property 'passReqToCallback' is missing in type '{ clientID: string | undefined; clientSecret: string | undefined; callbackURL: string | undefined; scope: string[]; }' but required in type 'StrategyOptionsWithRequest'.

[7m  9[0m     super({
[7m   [0m [91m          ~[0m
[7m 10[0m       clientID: configService.get<string>('GOOGLE_CLIENT_ID'),
[7m   [0m [91m~~~~~~~~~~~~~~~~~~~~~~~~~~~~~~~~~~~~~~~~~~~~~~~~~~~~~~~~~~~~~~[0m
[7m...[0m 
[7m 13[0m       scope: ['email', 'profile'],
[7m   [0m [91m~~~~~~~~~~~~~~~~~~~~~~~~~~~~~~~~~~[0m
[7m 14[0m     });
[7m   [0m [91m~~~~~[0m

  [96mnode_modules/@types/passport-google-oauth20/index.d.ts[0m:[93m38[0m:[93m5[0m
    [7m38[0m     passReqToCallback: true;
    [7m  [0m [96m    ~~~~~~~~~~~~~~~~~[0m
    'passReqToCallback' is declared here.
[96msrc/modules/auth/strategies/jwt.strategy.ts[0m:[93m9[0m:[93m11[0m - [91merror[0m[90m TS2345: [0mArgument of type '[{ jwtFromRequest: JwtFromRequestFunction<any>; ignoreExpiration: false; secretOrKey: string | undefined; }]' is not assignable to parameter of type '[opt: StrategyOptionsWithRequest] | [opt: StrategyOptionsWithoutRequest]'.
  Type '[{ jwtFromRequest: JwtFromRequestFunction<any>; ignoreExpiration: false; secretOrKey: string | undefined; }]' is not assignable to type '[opt: StrategyOptionsWithoutRequest]'.
    Type '{ jwtFromRequest: JwtFromRequestFunction<any>; ignoreExpiration: false; secretOrKey: string | undefined; }' is not assignable to type 'StrategyOptionsWithoutRequest'.
      Type '{ jwtFromRequest: JwtFromRequestFunction<any>; ignoreExpiration: false; secretOrKey: string | undefined; }' is not assignable to type 'Omit<WithSecretOrKey, "secretOrKeyProvider"> & { passReqToCallback?: false | undefined; }'.
        Type '{ jwtFromRequest: JwtFromRequestFunction<any>; ignoreExpiration: false; secretOrKey: string | undefined; }' is not assignable to type 'Omit<WithSecretOrKey, "secretOrKeyProvider">'.
          Types of property 'secretOrKey' are incompatible.
            Type 'string | undefined' is not assignable to type 'string | Buffer<ArrayBufferLike>'.
              Type 'undefined' is not assignable to type 'string | Buffer<ArrayBufferLike>'.

[7m  9[0m     super({
[7m   [0m [91m          ~[0m
[7m 10[0m       jwtFromRequest: ExtractJwt.fromAuthHeaderAsBearerToken(),
[7m   [0m [91m~~~~~~~~~~~~~~~~~~~~~~~~~~~~~~~~~~~~~~~~~~~~~~~~~~~~~~~~~~~~~~~[0m
[7m...[0m 
[7m 12[0m       secretOrKey: configService.get<string>('JWT_SECRET'),
[7m   [0m [91m~~~~~~~~~~~~~~~~~~~~~~~~~~~~~~~~~~~~~~~~~~~~~~~~~~~~~~~~~~~[0m
[7m 13[0m     });
[7m   [0m [91m~~~~~[0m
[96msrc/modules/orders/orders.service.ts[0m:[93m62[0m:[93m7[0m - [91merror[0m[90m TS2322: [0mType 'string | undefined' is not assignable to type 'string'.
  Type 'undefined' is not assignable to type 'string'.

[7m62[0m       item.cor = itemDto.cor;
[7m  [0m [91m      ~~~~~~~~[0m
[96msrc/modules/orders/orders.service.ts[0m:[93m63[0m:[93m7[0m - [91merror[0m[90m TS2322: [0mType 'string | undefined' is not assignable to type 'string'.
  Type 'undefined' is not assignable to type 'string'.

[7m63[0m       item.material = itemDto.material;
[7m  [0m [91m      ~~~~~~~~~~~~~[0m
[96msrc/modules/orders/orders.service.ts[0m:[93m64[0m:[93m7[0m - [91merror[0m[90m TS2322: [0mType 'number | undefined' is not assignable to type 'number'.
  Type 'undefined' is not assignable to type 'number'.

[7m64[0m       item.preenchimento = itemDto.preenchimento;
[7m  [0m [91m      ~~~~~~~~~~~~~~~~~~[0m
[96msrc/modules/orders/orders.service.ts[0m:[93m65[0m:[93m7[0m - [91merror[0m[90m TS2322: [0mType 'string | undefined' is not assignable to type 'string'.
  Type 'undefined' is not assignable to type 'string'.

[7m65[0m       item.observacoesTecnicas = itemDto.observacoesTecnicas;
[7m  [0m [91m      ~~~~~~~~~~~~~~~~~~~~~~~~[0m
[96msrc/modules/reports/reports.controller.ts[0m:[93m12[0m:[93m41[0m - [91merror[0m[90m TS1272: [0mA type referenced in a decorated signature must be imported with 'import type' or a namespace import when 'isolatedModules' and 'emitDecoratorMetadata' are enabled.

[7m12[0m   async downloadOrdersExcel(@Res() res: Response) {
[7m  [0m [91m                                        ~~~~~~~~[0m

  [96msrc/modules/reports/reports.controller.ts[0m:[93m2[0m:[93m10[0m
    [7m2[0m import { Response } from 'express';
    [7m [0m [96m         ~~~~~~~~[0m
    'Response' was imported here.
[96msrc/modules/reports/reports.controller.ts[0m:[93m20[0m:[93m42[0m - [91merror[0m[90m TS1272: [0mA type referenced in a decorated signature must be imported with 'import type' or a namespace import when 'isolatedModules' and 'emitDecoratorMetadata' are enabled.

[7m20[0m   async downloadFinanceExcel(@Res() res: Response) {
[7m  [0m [91m                                         ~~~~~~~~[0m

  [96msrc/modules/reports/reports.controller.ts[0m:[93m2[0m:[93m10[0m
    [7m2[0m import { Response } from 'express';
    [7m [0m [96m         ~~~~~~~~[0m
    'Response' was imported here.
[96msrc/modules/uploads/uploads.controller.ts[0m:[93m19[0m:[93m56[0m - [91merror[0m[90m TS1272: [0mA type referenced in a decorated signature must be imported with 'import type' or a namespace import when 'isolatedModules' and 'emitDecoratorMetadata' are enabled.

[7m19[0m   seeUploadedFile(@Param('imgpath') image, @Res() res: Response) {
[7m  [0m [91m                                                       ~~~~~~~~[0m

  [96msrc/modules/uploads/uploads.controller.ts[0m:[93m3[0m:[93m10[0m
    [7m3[0m import { Response } from 'express';
    [7m [0m [96m         ~~~~~~~~[0m
    'Response' was imported here.
[96msrc/modules/users/users.service.ts[0m:[93m14[0m:[93m5[0m - [91merror[0m[90m TS2322: [0mType 'User | null' is not assignable to type 'User | undefined'.
  Type 'null' is not assignable to type 'User | undefined'.

[7m14[0m     return this.userRepository.findOne({ where: { email } });
[7m  [0m [91m    ~~~~~~[0m
[96msrc/modules/users/users.service.ts[0m:[93m23[0m:[93m5[0m - [91merror[0m[90m TS2322: [0mType 'User | null' is not assignable to type 'User | undefined'.
  Type 'null' is not assignable to type 'User | undefined'.

[7m23[0m     return this.userRepository.findOne({ where: { id } });
[7m  [0m [91m    ~~~~~~[0m

Found 12 error(s).

