src/app.module.ts(22,7): error TS2322: Type '(configService: ConfigService) => { type: "postgres"; host: string | undefined; port: number | undefined; username: string | undefined; password: string | undefined; database: string | undefined; entities: (typeof entities.Product | ... 6 more ... | typeof entities.User)[]; synchronize: true; logging: true; }' is not assignable to type '(...args: any[]) => TypeOrmModuleOptions | Promise<TypeOrmModuleOptions>'.
  Type '{ type: "postgres"; host: string | undefined; port: number | undefined; username: string | undefined; password: string | undefined; database: string | undefined; entities: (typeof entities.Product | ... 6 more ... | typeof entities.User)[]; synchronize: true; logging: true; }' is not assignable to type 'TypeOrmModuleOptions | Promise<TypeOrmModuleOptions>'.
    Type '{ type: "postgres"; host: string | undefined; port: number | undefined; username: string | undefined; password: string | undefined; database: string | undefined; entities: (typeof entities.Product | ... 6 more ... | typeof entities.User)[]; synchronize: true; logging: true; }' is not assignable to type '({ retryAttempts?: number | undefined; retryDelay?: number | undefined; toRetry?: ((err: any) => boolean) | undefined; autoLoadEntities?: boolean | undefined; verboseRetryLog?: boolean | undefined; manualInitialization?: boolean | undefined; } & Partial<...>) | Promise<...>'.
      Type '{ type: "postgres"; host: string | undefined; port: number | undefined; username: string | undefined; password: string | undefined; database: string | undefined; entities: (typeof entities.Product | ... 6 more ... | typeof entities.User)[]; synchronize: true; logging: true; }' is not assignable to type '{ retryAttempts?: number | undefined; retryDelay?: number | undefined; toRetry?: ((err: any) => boolean) | undefined; autoLoadEntities?: boolean | undefined; verboseRetryLog?: boolean | undefined; manualInitialization?: boolean | undefined; } & Partial<...>'.
        Type '{ type: "postgres"; host: string | undefined; port: number | undefined; username: string | undefined; password: string | undefined; database: string | undefined; entities: (typeof entities.Product | ... 6 more ... | typeof entities.User)[]; synchronize: true; logging: true; }' is not assignable to type 'Partial<PostgresConnectionOptions>'.
          Types of property 'entities' are incompatible.
            Type '(typeof Product | typeof OrderItem | typeof Order | typeof Client | typeof OrderStatus | typeof Finance | typeof FinanceType | typeof User)[]' is not assignable to type 'MixedList<string | Function | EntitySchema<any>> | undefined'.
              Type '(typeof Product | typeof OrderItem | typeof Order | typeof Client | typeof OrderStatus | typeof Finance | typeof FinanceType | typeof User)[]' is not assignable to type '(string | Function | EntitySchema<any>)[]'.
                Type 'typeof Product | typeof OrderItem | typeof Order | typeof Client | typeof OrderStatus | typeof Finance | typeof FinanceType | typeof User' is not assignable to type 'string | Function | EntitySchema<any>'.
                  Type 'typeof OrderStatus' is not assignable to type 'string | Function | EntitySchema<any>'.
src/modules/auth/strategies/google.strategy.ts(9,11): error TS2345: Argument of type '[{ clientID: string | undefined; clientSecret: string | undefined; callbackURL: string | undefined; scope: string[]; }]' is not assignable to parameter of type '[options: StrategyOptionsWithRequest] | [options: StrategyOptions] | [options: StrategyOptions] | [options: StrategyOptionsWithRequest]'.
  Type '[{ clientID: string | undefined; clientSecret: string | undefined; callbackURL: string | undefined; scope: string[]; }]' is not assignable to type '[options: StrategyOptionsWithRequest]'.
    Property 'passReqToCallback' is missing in type '{ clientID: string | undefined; clientSecret: string | undefined; callbackURL: string | undefined; scope: string[]; }' but required in type 'StrategyOptionsWithRequest'.
src/modules/auth/strategies/jwt.strategy.ts(9,11): error TS2345: Argument of type '[{ jwtFromRequest: JwtFromRequestFunction<any>; ignoreExpiration: false; secretOrKey: string | undefined; }]' is not assignable to parameter of type '[opt: StrategyOptionsWithRequest] | [opt: StrategyOptionsWithoutRequest]'.
  Type '[{ jwtFromRequest: JwtFromRequestFunction<any>; ignoreExpiration: false; secretOrKey: string | undefined; }]' is not assignable to type '[opt: StrategyOptionsWithoutRequest]'.
    Type '{ jwtFromRequest: JwtFromRequestFunction<any>; ignoreExpiration: false; secretOrKey: string | undefined; }' is not assignable to type 'StrategyOptionsWithoutRequest'.
      Type '{ jwtFromRequest: JwtFromRequestFunction<any>; ignoreExpiration: false; secretOrKey: string | undefined; }' is not assignable to type 'Omit<WithSecretOrKey, "secretOrKeyProvider"> & { passReqToCallback?: false | undefined; }'.
        Type '{ jwtFromRequest: JwtFromRequestFunction<any>; ignoreExpiration: false; secretOrKey: string | undefined; }' is not assignable to type 'Omit<WithSecretOrKey, "secretOrKeyProvider">'.
          Types of property 'secretOrKey' are incompatible.
            Type 'string | undefined' is not assignable to type 'string | Buffer<ArrayBufferLike>'.
              Type 'undefined' is not assignable to type 'string | Buffer<ArrayBufferLike>'.
src/modules/orders/orders.service.ts(62,7): error TS2322: Type 'string | undefined' is not assignable to type 'string'.
  Type 'undefined' is not assignable to type 'string'.
src/modules/orders/orders.service.ts(63,7): error TS2322: Type 'string | undefined' is not assignable to type 'string'.
  Type 'undefined' is not assignable to type 'string'.
src/modules/orders/orders.service.ts(64,7): error TS2322: Type 'number | undefined' is not assignable to type 'number'.
  Type 'undefined' is not assignable to type 'number'.
src/modules/orders/orders.service.ts(65,7): error TS2322: Type 'string | undefined' is not assignable to type 'string'.
  Type 'undefined' is not assignable to type 'string'.
src/modules/reports/reports.controller.ts(12,41): error TS1272: A type referenced in a decorated signature must be imported with 'import type' or a namespace import when 'isolatedModules' and 'emitDecoratorMetadata' are enabled.
src/modules/reports/reports.controller.ts(20,42): error TS1272: A type referenced in a decorated signature must be imported with 'import type' or a namespace import when 'isolatedModules' and 'emitDecoratorMetadata' are enabled.
src/modules/uploads/uploads.controller.ts(19,56): error TS1272: A type referenced in a decorated signature must be imported with 'import type' or a namespace import when 'isolatedModules' and 'emitDecoratorMetadata' are enabled.
src/modules/users/users.service.ts(14,5): error TS2322: Type 'User | null' is not assignable to type 'User | undefined'.
  Type 'null' is not assignable to type 'User | undefined'.
src/modules/users/users.service.ts(23,5): error TS2322: Type 'User | null' is not assignable to type 'User | undefined'.
  Type 'null' is not assignable to type 'User | undefined'.
test/app.e2e-spec.ts(20,12): error TS2349: This expression is not callable.
  Type '{ default: SuperTestStatic; Test: typeof Test; agent: typeof TestAgent & ((app?: App | undefined, options?: AgentOptions | undefined) => TestAgent<...>); }' has no call signatures.
